ERROR NAME: PrismaClientConstructorValidationError
ERROR MESSAGE: Using engine type "client" requires either "adapter" or "accelerateUrl" to be provided to PrismaClient constructor.
Read more at https://pris.ly/d/client-constructor
